current directory: /home/runner/work/js_from_routes/js_from_routes/vendor/bundle/ruby/3.2.0/gems/date-3.4.1/ext/date
/usr/bin/ruby3.2 -I/usr/lib/ruby/vendor_ruby extconf.rb
checking for rb_category_warn()... yes
checking for timezone in time.h with  -Werror... yes
checking for altzone in time.h with  -Werror... no
creating Makefile

current directory: /home/runner/work/js_from_routes/js_from_routes/vendor/bundle/ruby/3.2.0/gems/date-3.4.1/ext/date
make DESTDIR\= sitearchdir\=./.gem.20260113-3645-5fsky7 sitelibdir\=./.gem.20260113-3645-5fsky7 clean

current directory: /home/runner/work/js_from_routes/js_from_routes/vendor/bundle/ruby/3.2.0/gems/date-3.4.1/ext/date
make DESTDIR\= sitearchdir\=./.gem.20260113-3645-5fsky7 sitelibdir\=./.gem.20260113-3645-5fsky7
compiling date_core.c
compiling date_parse.c
compiling date_strftime.c
compiling date_strptime.c
linking shared-object date_core.so

current directory: /home/runner/work/js_from_routes/js_from_routes/vendor/bundle/ruby/3.2.0/gems/date-3.4.1/ext/date
make DESTDIR\= sitearchdir\=./.gem.20260113-3645-5fsky7 sitelibdir\=./.gem.20260113-3645-5fsky7 install
/usr/bin/install -c -m 0755 date_core.so ./.gem.20260113-3645-5fsky7

current directory: /home/runner/work/js_from_routes/js_from_routes/vendor/bundle/ruby/3.2.0/gems/date-3.4.1/ext/date
make DESTDIR\= sitearchdir\=./.gem.20260113-3645-5fsky7 sitelibdir\=./.gem.20260113-3645-5fsky7 clean
